/usr/local/lib/python3.12/dist-packages/nbformat/__init__.py:96: MissingIDFieldWarning: Cell is missing an id field, this will become a hard error in future nbformat versions. You may want to use `normalize()` on your notebooks before validations (available since nbformat 5.1.4). Previous versions of nbformat are fixing this issue transparently, and will stop doing so in the future.

  validate(nb)

0.00s - Debugger warning: It seems that frozen modules are being used, which may

0.00s - make the debugger miss breakpoints. Please pass -Xfrozen_modules=off

0.00s - to python to disable frozen modules.

0.00s - Note: Debugging will proceed. Set PYDEVD_DISABLE_FILE_VALIDATION=1 to disable this validation.

0.00s - Debugger warning: It seems that frozen modules are being used, which may

0.00s - make the debugger miss breakpoints. Please pass -Xfrozen_modules=off

0.00s - to python to disable frozen modules.

0.00s - Note: Debugging will proceed. Set PYDEVD_DISABLE_FILE_VALIDATION=1 to disable this validation.

COMPETITION ROOT: /kaggle/input/competitions/biohub-cell-tracking-during-development exists: True

  mount: /kaggle/input/competitions

  mount: /kaggle/input/competitions/biohub-cell-tracking-during-development



==============================================================================

TOP LEVEL

==============================================================================

  file sample_submission.csv                    890

  dir  test                                     4

  dir  train                                    398



==============================================================================

TEST SIDE -- is a node budget shipped with the movies we must predict?

==============================================================================

  entries by suffix: {'.zarr': 4}

  first 10: ['44b6_0113de3b.zarr', '44b6_0b24845f.zarr', '6bba_05b6850b.zarr', '6bba_05db0fb1.zarr']



  --- structure of 44b6_0113de3b.zarr ---

  0/

     c/

        0/

           0/

        1/

           0/

        10/

           0/

        11/

           0/

        12/

           0/

        13/

           0/

        14/

           0/

        15/

           0/

        16/

           0/

        17/

           0/

        18/

           0/

        19/

           0/

        2/

           0/

        20/

           0/

        21/

           0/

        22/

           0/

        23/

           0/

        24/

           0/

        25/

           0/

        26/

           0/

        27/

           0/

        28/

           0/

        29/

           0/

        3/

           0/

        30/

           0/

        31/

           0/

        32/

           0/

        33/

           0/

        34/

           0/

        35/

           0/

        36/

           0/

        37/

           0/

        38/

           0/

        39/

           0/

        4/

           0/

        40/

           0/

        41/

           0/

        42/

           0/

        43/

           0/

        44/

           0/

        45/

           0/

        46/

           0/

        47/

           0/

        48/

           0/

        49/

           0/

        5/

           0/

        50/

           0/

        51/

           0/

        52/

           0/

        53/

           0/

        54/

           0/

        55/

           0/

        56/

           0/

        57/

           0/

        58/

           0/

        59/

           0/

        6/

           0/

        60/

           0/

        61/

           0/

        62/

           0/

        63/

           0/

        64/

           0/

        65/

           0/

        66/

           0/

        67/

           0/

        68/

           0/

        69/

           0/

        7/

           0/

        70/

           0/

        71/

           0/

        72/

           0/

        73/

           0/

        74/

           0/

        75/

           0/

        76/

           0/

        77/

           0/

        78/

           0/

        79/

           0/

        8/

           0/

        80/

           0/

        81/

           0/

        82/

           0/

        83/

           0/

        84/

           0/

        85/

           0/

        86/

           0/

        87/

           0/

        88/

           0/

        89/

           0/

        9/

           0/

        90/

           0/

        91/

           0/

        92/

           0/

        93/

           0/

        94/

           0/

        95/

           0/

        96/

           0/

        97/

           0/

        98/

           0/

        99/

           0/

   root attributes: {"multiscales": [{"version": "0.5", "axes": [{"name": "T", "type": "time", "unit": "second"}, {"name": "Z", "type": "space", "unit": "micrometer"}, {"name": "Y", "type": "space", "unit": "micrometer"}, {"name": "X", "type": "space", "unit": "micrometer"}], "datasets": [{"path": "0", "coordinateTransformations": [{"type": "scale", "scale": [1.0, 1.625, 0.40625, 0.40625]}]}], "name": "0"}], "image_statistics": {"quantiles": {"0.0": 15.0, "0.001": 26.222222222222225, "0.01": 38.0, "0.1": 75.0, "0.9": 497.0, "0.99": 1478.0, "0.999": 2145.000000039654, "1.0": 4319.0}}}

   0: shape=[100, 64, 256, 256] dtype=uint16 attrs={}



  --- structure of 44b6_0b24845f.zarr ---

  0/

     c/

        0/

           0/

        1/

           0/

        10/

           0/

        11/

           0/

        12/

           0/

        13/

           0/

        14/

           0/

        15/

           0/

        16/

           0/

        17/

           0/

        18/

           0/

        19/

           0/

        2/

           0/

        20/

           0/

        21/

           0/

        22/

           0/

        23/

           0/

        24/

           0/

        25/

           0/

        26/

           0/

        27/

           0/

        28/

           0/

        29/

           0/

        3/

           0/

        30/

           0/

        31/

           0/

        32/

           0/

        33/

           0/

        34/

           0/

        35/

           0/

        36/

           0/

        37/

           0/

        38/

           0/

        39/

           0/

        4/

           0/

        40/

           0/

        41/

           0/

        42/

           0/

        43/

           0/

        44/

           0/

        45/

           0/

        46/

           0/

        47/

           0/

        48/

           0/

        49/

           0/

        5/

           0/

        50/

           0/

        51/

           0/

        52/

           0/

        53/

           0/

        54/

           0/

        55/

           0/

        56/

           0/

        57/

           0/

        58/

           0/

        59/

           0/

        6/

           0/

        60/

           0/

        61/

           0/

        62/

           0/

        63/

           0/

        64/

           0/

        65/

           0/

        66/

           0/

        67/

           0/

        68/

           0/

        69/

           0/

        7/

           0/

        70/

           0/

        71/

           0/

        72/

           0/

        73/

           0/

        74/

           0/

        75/

           0/

        76/

           0/

        77/

           0/

        78/

           0/

        79/

           0/

        8/

           0/

        80/

           0/

        81/

           0/

        82/

           0/

        83/

           0/

        84/

           0/

        85/

           0/

        86/

           0/

        87/

           0/

        88/

           0/

        89/

           0/

        9/

           0/

        90/

           0/

        91/

           0/

        92/

           0/

        93/

           0/

        94/

           0/

        95/

           0/

        96/

           0/

        97/

           0/

        98/

           0/

        99/

           0/

   root attributes: {"multiscales": [{"version": "0.5", "axes": [{"name": "T", "type": "time", "unit": "second"}, {"name": "Z", "type": "space", "unit": "micrometer"}, {"name": "Y", "type": "space", "unit": "micrometer"}, {"name": "X", "type": "space", "unit": "micrometer"}], "datasets": [{"path": "0", "coordinateTransformations": [{"type": "scale", "scale": [1.0, 1.625, 0.40625, 0.40625]}]}], "name": "0"}], "image_statistics": {"quantiles": {"0.0": 23.0, "0.001": 38.0, "0.01": 84.0, "0.1": 1095.0000000000025, "0.9": 2520.8333333333353, "0.99": 2902.3777777777896, "0.999": 3199.333333333359, "1.0": 3867.0}}}

   0: shape=[100, 64, 256, 256] dtype=uint16 attrs={}



  non-zarr entries in test/: []



  --- any file in the whole mount mentioning a node estimate ---

   test-side node-estimate files found: 0



==============================================================================

TRAIN SIDE -- T_est, GT size and movie geometry for every movie

==============================================================================

  199 .geff files



  --- structure of 44b6_0113de3b.geff ---

  edges/

     ids/

        c/

           0/

     props/

  nodes/

     ids/

        c/

     props/

        t/

           values/

        x/

           values/

        y/

           values/

        z/

           values/

   root attributes: {"geff": {"geff_version": "1.1", "directed": true, "axes": [{"name": "t", "type": "time", "unit": null, "min": 0.0, "max": 75.0, "scale": 1.0, "scaled_unit": null, "offset": null}, {"name": "z", "type": "space", "unit": null, "min": 1.0, "max": 63.0, "scale": 1.625, "scaled_unit": null, "offset": null}, {"name": "y", "type": "space", "unit": null, "min": 74.0, "max": 230.0, "scale": 0.40625, "scaled_unit": null, "offset": null}, {"name": "x", "type": "space", "unit": null, "min": 73.0, "max": 253.0, "scale": 0.40625, "scaled_unit": null, "offset": null}], "node_props_metadata": {"t": {"identifier": "t", "dtype": "int64", "varlength": false, "unit": null, "name": null, "description": null}, "x": {"identifier": "x", "dtype": "int64", "varlength": false, "unit": null, "name": null, "description": null}, "y": {"identifier": "y", "dtype": "int64", "varlength": false, "unit": null, "name": null, "description": null}, "z": {"identifier": "z", "dtype": "int64", "varlength": false, "unit": null, "name": null, "description": null}}, "edge_props_metadata": {}, "sphere": null, "ellipsoid": null, "track_node_props": null, "related_objects": null, "display_hints": null, "extra": {"estimated_number_of_nodes": 25755}}}



  stem,t_est,gt_nodes,gt_edges,shape,scale

  44b6_0113de3b,25755,52,50,"[100, 64, 256, 256]","None"

  44b6_0b24845f,32795,51,49,"[100, 64, 256, 256]","None"

  44b6_0c582fdc,27958,71,70,"[100, 64, 256, 256]","None"

  44b6_0db75fae,15335,157,151,"[100, 64, 256, 256]","None"

  44b6_12dfb391,58672,788,773,"[100, 64, 256, 256]","None"

  44b6_144b256d,65376,121,119,"[100, 64, 256, 256]","None"

  44b6_1574802b,17677,155,153,"[100, 64, 256, 256]","None"

  44b6_18ced818,78644,100,99,"[100, 64, 256, 256]","None"

  44b6_1d530831,35825,276,271,"[100, 64, 256, 256]","None"

  44b6_24264f12,26353,230,221,"[100, 64, 256, 256]","None"

  44b6_267148e4,19130,280,277,"[100, 64, 256, 256]","None"

  44b6_2a2eff9f,56367,214,210,"[100, 64, 256, 256]","None"

  44b6_2f31fc2f,24368,89,85,"[100, 64, 256, 256]","None"

  44b6_33b596bf,23330,50,49,"[100, 64, 256, 256]","None"

  44b6_341df25f,7436,216,209,"[100, 64, 256, 256]","None"

  44b6_3a861e03,40546,935,919,"[100, 64, 256, 256]","None"

  44b6_3bb3690f,31937,400,396,"[100, 64, 256, 256]","None"

  44b6_40c45f5a,32681,200,198,"[100, 64, 256, 256]","None"

  44b6_415c0a3a,57292,331,322,"[100, 64, 256, 256]","None"

  44b6_53f95252,38715,70,68,"[100, 64, 256, 256]","None"

  44b6_551a5dba,57627,228,224,"[100, 64, 256, 256]","None"

  44b6_5740d24b,19730,173,170,"[100, 64, 256, 256]","None"

  44b6_587a1e22,18137,381,371,"[100, 64, 256, 256]","None"

  44b6_5f15d135,29519,278,273,"[100, 64, 256, 256]","None"

  44b6_668e0cc7,39701,643,631,"[100, 64, 256, 256]","None"

  44b6_66f9292d,52710,200,198,"[100, 64, 256, 256]","None"

  44b6_706092f0,69898,118,117,"[100, 64, 256, 256]","None"

  44b6_71a4179f,67688,121,119,"[100, 64, 256, 256]","None"

  44b6_74d0c52e,15090,140,139,"[100, 64, 256, 256]","None"

  44b6_7a302da0,66858,516,507,"[100, 64, 256, 256]","None"

  44b6_7e557709,56060,570,560,"[100, 64, 256, 256]","None"

  44b6_808952d6,15742,181,179,"[100, 64, 256, 256]","None"

  44b6_81c256f0,10052,199,197,"[100, 64, 256, 256]","None"

  44b6_87bba6c4,28102,153,149,"[100, 64, 256, 256]","None"

  44b6_8cc6506c,32172,400,396,"[100, 64, 256, 256]","None"

  44b6_8f5ab931,27571,616,604,"[100, 64, 256, 256]","None"

  44b6_8f9ecab4,74833,374,370,"[100, 64, 256, 256]","None"

  44b6_90724892,25532,105,103,"[100, 64, 256, 256]","None"

  44b6_949adeb1,37179,388,378,"[100, 64, 256, 256]","None"

  44b6_95029e92,5161,200,198,"[100, 64, 256, 256]","None"

  44b6_97725144,35774,225,221,"[100, 64, 256, 256]","None"

  44b6_996155de,7573,380,377,"[100, 64, 256, 256]","None"

  44b6_9be80b04,57877,222,220,"[100, 64, 256, 256]","None"

  44b6_9bfa6a0a,64308,264,259,"[100, 64, 256, 256]","None"

  44b6_a21120c2,23040,296,286,"[100, 64, 256, 256]","None"

  44b6_a2bb48bb,60613,416,410,"[100, 64, 256, 256]","None"

  44b6_aaf8b0ea,22099,209,206,"[100, 64, 256, 256]","None"

  44b6_abf82518,27604,96,94,"[100, 64, 256, 256]","None"

  44b6_b2c44266,59729,170,168,"[100, 64, 256, 256]","None"

  44b6_c15fded2,20585,104,102,"[100, 64, 256, 256]","None"

  44b6_c50204e0,47078,333,325,"[100, 64, 256, 256]","None"

  44b6_c771cb04,53345,227,223,"[100, 64, 256, 256]","None"

  44b6_c8e2a523,33144,168,164,"[100, 64, 256, 256]","None"

  44b6_c96cfa10,46236,629,616,"[100, 64, 256, 256]","None"

  44b6_cf2536e8,57565,76,75,"[100, 64, 256, 256]","None"

  44b6_cf8fed6b,43729,191,188,"[100, 64, 256, 256]","None"

  44b6_d29c9ab2,38055,1353,1328,"[100, 64, 256, 256]","None"

  44b6_d2f34f90,24074,283,281,"[100, 64, 256, 256]","None"

  44b6_d5e7d891,44848,906,893,"[100, 64, 256, 256]","None"

  44b6_d754aa59,5171,72,70,"[100, 64, 256, 256]","None"

  44b6_d78e09d9,22259,463,451,"[100, 64, 256, 256]","None"

  44b6_db3c847b,15023,165,162,"[100, 64, 256, 256]","None"

  44b6_ddf577ad,53492,659,647,"[100, 64, 256, 256]","None"

  44b6_deabac95,13989,126,124,"[100, 64, 256, 256]","None"

  44b6_e28840c6,74686,311,309,"[100, 64, 256, 256]","None"

  44b6_e29f0176,12969,51,50,"[100, 64, 256, 256]","None"

  44b6_e31261b4,72856,116,113,"[100, 64, 256, 256]","None"

  44b6_e35b117d,28641,270,266,"[100, 64, 256, 256]","None"

  44b6_e57ff5c6,20314,193,186,"[100, 64, 256, 256]","None"

  44b6_eb2880fc,48084,390,379,"[100, 64, 256, 256]","None"

  44b6_f28707c6,18656,63,61,"[100, 64, 256, 256]","None"

  6bba_05b6850b,6362,861,845,"[100, 64, 256, 256]","None"

  6bba_05db0fb1,69800,1229,1183,"[100, 64, 256, 256]","None"

  6bba_062c8d37,6030,930,898,"[100, 64, 256, 256]","None"

  6bba_07477033,4836,613,602,"[100, 64, 256, 256]","None"

  6bba_07e24132,21485,359,345,"[100, 64, 256, 256]","None"

  6bba_085bf656,8463,1198,1168,"[100, 64, 256, 256]","None"

  6bba_09961292,31117,1950,1871,"[100, 64, 256, 256]","None"

  6bba_0c7fa718,13650,704,659,"[100, 64, 256, 256]","None"

  6bba_0e7c0d07,22467,209,198,"[100, 64, 256, 256]","None"

  6bba_12665c0e,8314,1036,998,"[100, 64, 256, 256]","None"

  6bba_13f19531,5773,737,704,"[100, 64, 256, 256]","None"

  6bba_15403b9a,6889,758,729,"[100, 64, 256, 256]","None"

  6bba_1d0d8384,17909,1438,1365,"[100, 64, 256, 256]","None"

  6bba_1ebfb80d,11558,745,719,"[100, 64, 256, 256]","None"

  6bba_1f58c2f6,28903,317,299,"[100, 64, 256, 256]","None"

  6bba_207c6aaf,11999,475,450,"[100, 64, 256, 256]","None"

  6bba_20852818,9758,952,909,"[100, 64, 256, 256]","None"

  6bba_2312ac41,11950,1156,1132,"[100, 64, 256, 256]","None"

  6bba_23af9eeb,4450,513,499,"[100, 64, 256, 256]","None"

  6bba_2540cd90,3783,529,523,"[100, 64, 256, 256]","None"

  6bba_2646afc7,5495,738,721,"[100, 64, 256, 256]","None"

  6bba_268e1230,5107,641,609,"[100, 64, 256, 256]","None"

  6bba_2819ca14,5534,986,949,"[100, 64, 256, 256]","None"

  6bba_283bf9f1,20861,1342,1288,"[100, 64, 256, 256]","None"

  6bba_312f0dc3,9963,520,500,"[100, 64, 256, 256]","None"

  6bba_32db13fc,38705,862,811,"[100, 64, 256, 256]","None"

  6bba_337b1b3a,30480,1272,1213,"[100, 64, 256, 256]","None"

  6bba_372c8cb8,7021,1036,1007,"[100, 64, 256, 256]","None"

  6bba_3a1849c2,7003,1173,1142,"[100, 64, 256, 256]","None"

  6bba_3abfe10a,52065,997,935,"[100, 64, 256, 256]","None"

  6bba_3c5691b6,6258,765,746,"[100, 64, 256, 256]","None"

  6bba_3db54e20,23236,502,474,"[100, 64, 256, 256]","None"

  6bba_3fda6b25,9842,1207,1179,"[100, 64, 256, 256]","None"

  6bba_43fea39d,5748,910,880,"[100, 64, 256, 256]","None"

  6bba_474be664,28293,292,286,"[100, 64, 256, 256]","None"

  6bba_48816121,23965,935,918,"[100, 64, 256, 256]","None"

  6bba_4aa14c89,6787,707,681,"[100, 64, 256, 256]","None"

  6bba_4f99ce20,5965,1057,1010,"[100, 64, 256, 256]","None"

  6bba_4ffd3da3,17637,706,689,"[100, 64, 256, 256]","None"

  6bba_55b7eebe,5257,705,688,"[100, 64, 256, 256]","None"

  6bba_55c70843,35415,490,467,"[100, 64, 256, 256]","None"

  6bba_57b7cc1e,65511,1659,1592,"[100, 64, 256, 256]","None"

  6bba_5a4d9360,5976,747,722,"[100, 64, 256, 256]","None"

  6bba_5b28472a,5802,737,724,"[100, 64, 256, 256]","None"

  6bba_5c039895,8570,1174,1145,"[100, 64, 256, 256]","None"

  6bba_5c824876,24647,1170,1130,"[100, 64, 256, 256]","None"

  6bba_5dfe9ad1,26913,1542,1487,"[100, 64, 256, 256]","None"

  6bba_5f89039d,4611,904,885,"[100, 64, 256, 256]","None"

  6bba_61dd1e0d,10128,558,543,"[100, 64, 256, 256]","None"

  6bba_61ecbe65,5774,640,614,"[100, 64, 256, 256]","None"

  6bba_6321a359,4821,827,798,"[100, 64, 256, 256]","None"

  6bba_6479435d,23453,617,580,"[100, 64, 256, 256]","None"

  6bba_67ebd073,16061,462,438,"[100, 64, 256, 256]","None"

  6bba_6ca87370,7195,1081,1052,"[100, 64, 256, 256]","None"

  6bba_6db0e9b4,28435,449,440,"[100, 64, 256, 256]","None"

  6bba_6feb10f0,8862,1368,1343,"[100, 64, 256, 256]","None"

  6bba_6feeb0b1,7518,1389,1343,"[100, 64, 256, 256]","None"

  6bba_705ec2c9,5600,596,562,"[100, 64, 256, 256]","None"

  6bba_718b21f9,4306,661,652,"[100, 64, 256, 256]","None"

  6bba_74686d6a,29803,586,576,"[100, 64, 256, 256]","None"

  6bba_767a1e17,47714,718,658,"[100, 64, 256, 256]","None"

  6bba_76db78c1,4855,617,604,"[100, 64, 256, 256]","None"

  6bba_784a78c9,13096,1788,1739,"[100, 64, 256, 256]","None"

  6bba_786893ac,58979,1465,1395,"[100, 64, 256, 256]","None"

  6bba_789f8168,10676,713,681,"[100, 64, 256, 256]","None"

  6bba_78a7bd97,40613,886,832,"[100, 64, 256, 256]","None"

  6bba_7af54fde,9624,1131,1092,"[100, 64, 256, 256]","None"

  6bba_7b5d3b2c,5780,565,555,"[100, 64, 256, 256]","None"

  6bba_7d3058ae,7611,1200,1173,"[100, 64, 256, 256]","None"

  6bba_7f87b3d8,10581,1000,934,"[100, 64, 256, 256]","None"

  6bba_80d12824,9021,680,654,"[100, 64, 256, 256]","None"

  6bba_825bd1c6,7586,968,930,"[100, 64, 256, 256]","None"

  6bba_87289e13,14966,724,699,"[100, 64, 256, 256]","None"

  6bba_8b7818bf,5828,741,725,"[100, 64, 256, 256]","None"

  6bba_907271db,7306,945,921,"[100, 64, 256, 256]","None"

  6bba_91951b3a,11907,1188,1148,"[100, 64, 256, 256]","None"

  6bba_96833384,4869,758,721,"[100, 64, 256, 256]","None"

  6bba_969618f6,13888,679,658,"[100, 64, 256, 256]","None"

  6bba_971fa5e0,5609,792,767,"[100, 64, 256, 256]","None"

  6bba_9a41d029,18231,1401,1353,"[100, 64, 256, 256]","None"

  6bba_9e23430b,7708,914,891,"[100, 64, 256, 256]","None"

  6bba_a5e926bb,8440,741,698,"[100, 64, 256, 256]","None"

  6bba_a90a0b9c,36896,1147,1112,"[100, 64, 256, 256]","None"

  6bba_ab78413d,9241,1179,1138,"[100, 64, 256, 256]","None"

  6bba_acd782a8,19710,356,330,"[100, 64, 256, 256]","None"

  6bba_ae82a791,7403,1495,1471,"[100, 64, 256, 256]","None"

  6bba_aeee7805,5034,795,768,"[100, 64, 256, 256]","None"

  6bba_af149c94,8933,1350,1317,"[100, 64, 256, 256]","None"

  6bba_afb141ff,6054,654,626,"[100, 64, 256, 256]","None"

  6bba_b1ae37b9,24298,612,579,"[100, 64, 256, 256]","None"

  6bba_b204cac7,5092,826,811,"[100, 64, 256, 256]","None"

  6bba_b329af44,62465,1316,1268,"[100, 64, 256, 256]","None"

  6bba_b693381b,5558,983,935,"[100, 64, 256, 256]","None"

  6bba_bb9f20c3,23071,1925,1879,"[100, 64, 256, 256]","None"

  6bba_bbb708ca,6785,892,861,"[100, 64, 256, 256]","None"

  6bba_c27cba08,6445,517,493,"[100, 64, 256, 256]","None"

  6bba_c328f2fd,31228,511,500,"[100, 64, 256, 256]","None"

  6bba_c73a1d11,16315,737,710,"[100, 64, 256, 256]","None"

  6bba_cdcfe533,29785,1419,1348,"[100, 64, 256, 256]","None"

  6bba_cf35214c,34890,842,817,"[100, 64, 256, 256]","None"

  6bba_cff5865f,46362,1571,1501,"[100, 64, 256, 256]","None"

  6bba_d0fc38b5,6111,835,813,"[100, 64, 256, 256]","None"

  6bba_d1acb6ff,14719,681,643,"[100, 64, 256, 256]","None"

  6bba_d2b9fc0c,20178,944,921,"[100, 64, 256, 256]","None"

  6bba_d3da753b,17246,887,857,"[100, 64, 256, 256]","None"

  6bba_d5eae175,4519,528,519,"[100, 64, 256, 256]","None"

  6bba_d6ecebbb,5359,886,862,"[100, 64, 256, 256]","None"

  6bba_d82a4fc6,27716,545,530,"[100, 64, 256, 256]","None"

  6bba_debd7bfa,11807,766,729,"[100, 64, 256, 256]","None"

  6bba_df673a83,19239,668,654,"[100, 64, 256, 256]","None"

  6bba_e16ffc58,6367,964,942,"[100, 64, 256, 256]","None"

  6bba_e5e44988,5615,666,634,"[100, 64, 256, 256]","None"

  6bba_ebdf3b34,56847,847,803,"[100, 64, 256, 256]","None"

  6bba_ebff6e76,41596,1318,1264,"[100, 64, 256, 256]","None"

  6bba_ed9377fd,4443,531,508,"[100, 64, 256, 256]","None"

  6bba_edf14583,59242,801,760,"[100, 64, 256, 256]","None"

  6bba_eebc57a5,9347,1026,989,"[100, 64, 256, 256]","None"

  6bba_ef7b4f7e,6107,1234,1201,"[100, 64, 256, 256]","None"

  6bba_f17befbc,24963,1078,1015,"[100, 64, 256, 256]","None"

  6bba_f1fde7e0,9040,476,446,"[100, 64, 256, 256]","None"

  6bba_f20478e9,5973,1003,963,"[100, 64, 256, 256]","None"

  6bba_f4ae811c,8903,1001,965,"[100, 64, 256, 256]","None"

  6bba_f8ffd5e7,29540,389,370,"[100, 64, 256, 256]","None"

  6bba_fbc898dc,4889,655,639,"[100, 64, 256, 256]","None"

  6bba_fc516dc6,7866,788,762,"[100, 64, 256, 256]","None"

  6bba_fc5f39dc,14020,471,458,"[100, 64, 256, 256]","None"

  6bba_fc83837d,13087,957,923,"[100, 64, 256, 256]","None"

  6bba_fe670320,10836,716,680,"[100, 64, 256, 256]","None"



  movies with estimated_number_of_nodes: 199/199

  T_est  min=3,783  median=17,909 max=78,644  sum=4,725,117

  wrote node_budget_table.json



PROBE COMPLETE

/usr/local/lib/python3.12/dist-packages/mistune.py:435: SyntaxWarning: invalid escape sequence '\|'

  cells[i][c] = re.sub('\\\\\|', '|', cell)

/usr/local/lib/python3.12/dist-packages/nbconvert/filters/filter_links.py:36: SyntaxWarning: invalid escape sequence '\_'

  text = re.sub(r'_', '\_', text) # Escape underscores in display text

[NbConvertApp] Converting notebook __notebook__.ipynb to notebook

[NbConvertApp] Writing 40316 bytes to __notebook__.ipynb

[NbConvertApp] Converting notebook __notebook__.ipynb to html

[NbConvertApp] Writing 343963 bytes to __results__.html
